TimeQuest Timing Analyzer report for PLL
Fri Nov 03 20:17:29 2023
Quartus II 64-Bit Version 13.1.0 Build 162 10/23/2013 SJ Full Version


---------------------
; Table of Contents ;
---------------------
  1. Legal Notice
  2. TimeQuest Timing Analyzer Summary
  3. Parallel Compilation
  4. Clocks
  5. Slow 1200mV 85C Model Fmax Summary
  6. Timing Closure Recommendations
  7. Slow 1200mV 85C Model Setup Summary
  8. Slow 1200mV 85C Model Hold Summary
  9. Slow 1200mV 85C Model Recovery Summary
 10. Slow 1200mV 85C Model Removal Summary
 11. Slow 1200mV 85C Model Minimum Pulse Width Summary
 12. Slow 1200mV 85C Model Minimum Pulse Width: 'sys_clk'
 13. Slow 1200mV 85C Model Minimum Pulse Width: 'PLL1_inst|altpll_component|auto_generated|pll1|clk[0]'
 14. Clock to Output Times
 15. Minimum Clock to Output Times
 16. Slow 1200mV 85C Model Metastability Report
 17. Slow 1200mV 0C Model Fmax Summary
 18. Slow 1200mV 0C Model Setup Summary
 19. Slow 1200mV 0C Model Hold Summary
 20. Slow 1200mV 0C Model Recovery Summary
 21. Slow 1200mV 0C Model Removal Summary
 22. Slow 1200mV 0C Model Minimum Pulse Width Summary
 23. Slow 1200mV 0C Model Minimum Pulse Width: 'sys_clk'
 24. Slow 1200mV 0C Model Minimum Pulse Width: 'PLL1_inst|altpll_component|auto_generated|pll1|clk[0]'
 25. Clock to Output Times
 26. Minimum Clock to Output Times
 27. Slow 1200mV 0C Model Metastability Report
 28. Fast 1200mV 0C Model Setup Summary
 29. Fast 1200mV 0C Model Hold Summary
 30. Fast 1200mV 0C Model Recovery Summary
 31. Fast 1200mV 0C Model Removal Summary
 32. Fast 1200mV 0C Model Minimum Pulse Width Summary
 33. Fast 1200mV 0C Model Minimum Pulse Width: 'sys_clk'
 34. Fast 1200mV 0C Model Minimum Pulse Width: 'PLL1_inst|altpll_component|auto_generated|pll1|clk[0]'
 35. Clock to Output Times
 36. Minimum Clock to Output Times
 37. Fast 1200mV 0C Model Metastability Report
 38. Multicorner Timing Analysis Summary
 39. Clock to Output Times
 40. Minimum Clock to Output Times
 41. Board Trace Model Assignments
 42. Input Transition Times
 43. Signal Integrity Metrics (Slow 1200mv 0c Model)
 44. Signal Integrity Metrics (Slow 1200mv 85c Model)
 45. Signal Integrity Metrics (Fast 1200mv 0c Model)
 46. Clock Transfers
 47. Report TCCS
 48. Report RSKM
 49. Unconstrained Paths
 50. TimeQuest Timing Analyzer Messages



----------------
; Legal Notice ;
----------------
Copyright (C) 1991-2013 Altera Corporation
Your use of Altera Corporation's design tools, logic functions 
and other software and tools, and its AMPP partner logic 
functions, and any output files from any of the foregoing 
(including device programming or simulation files), and any 
associated documentation or information are expressly subject 
to the terms and conditions of the Altera Program License 
Subscription Agreement, Altera MegaCore Function License 
Agreement, or other applicable license agreement, including, 
without limitation, that your use is for the sole purpose of 
programming logic devices manufactured by Altera and sold by 
Altera or its authorized distributors.  Please refer to the 
applicable agreement for further details.



+--------------------------------------------------------------------------+
; TimeQuest Timing Analyzer Summary                                        ;
+--------------------+-----------------------------------------------------+
; Quartus II Version ; Version 13.1.0 Build 162 10/23/2013 SJ Full Version ;
; Revision Name      ; PLL                                                 ;
; Device Family      ; Cyclone IV E                                        ;
; Device Name        ; EP4CE10F17C8                                        ;
; Timing Models      ; Final                                               ;
; Delay Model        ; Combined                                            ;
; Rise/Fall Delays   ; Enabled                                             ;
+--------------------+-----------------------------------------------------+


+------------------------------------------+
; Parallel Compilation                     ;
+----------------------------+-------------+
; Processors                 ; Number      ;
+----------------------------+-------------+
; Number detected on machine ; 8           ;
; Maximum allowed            ; 4           ;
;                            ;             ;
; Average used               ; 1.00        ;
; Maximum used               ; 4           ;
;                            ;             ;
; Usage by Processor         ; % Time Used ;
;     Processor 1            ; 100.0%      ;
;     Processors 2-4         ; < 0.1%      ;
;     Processors 5-8         ;   0.0%      ;
+----------------------------+-------------+


+----------------------------------------------------------------------------------------------------------------------------------------------------------------------------------------------------------------------------------------------------------------------------------------------------------------------------------------------------------------------------------------+
; Clocks                                                                                                                                                                                                                                                                                                                                                                                 ;
+-------------------------------------------------------+-----------+----------+-----------+---------+---------+------------+-----------+-------------+-------+--------+-----------+------------+----------+-------------------------------------------------------+---------------------------------------------------------+-----------------------------------------------------------+
; Clock Name                                            ; Type      ; Period   ; Frequency ; Rise    ; Fall    ; Duty Cycle ; Divide by ; Multiply by ; Phase ; Offset ; Edge List ; Edge Shift ; Inverted ; Master                                                ; Source                                                  ; Targets                                                   ;
+-------------------------------------------------------+-----------+----------+-----------+---------+---------+------------+-----------+-------------+-------+--------+-----------+------------+----------+-------------------------------------------------------+---------------------------------------------------------+-----------------------------------------------------------+
; PLL1_inst|altpll_component|auto_generated|pll1|clk[0] ; Generated ; 200.000  ; 5.0 MHz   ; 0.000   ; 100.000 ; 50.00      ; 10        ; 1           ;       ;        ;           ;            ; false    ; sys_clk                                               ; PLL1_inst|altpll_component|auto_generated|pll1|inclk[0] ; { PLL1_inst|altpll_component|auto_generated|pll1|clk[0] } ;
; PLL2_inst|altpll_component|auto_generated|pll1|clk[0] ; Generated ; 100.000  ; 10.0 MHz  ; 0.000   ; 50.000  ; 50.00      ; 1         ; 2           ;       ;        ;           ;            ; false    ; PLL1_inst|altpll_component|auto_generated|pll1|clk[0] ; PLL2_inst|altpll_component|auto_generated|pll1|inclk[0] ; { PLL2_inst|altpll_component|auto_generated|pll1|clk[0] } ;
; PLL2_inst|altpll_component|auto_generated|pll1|clk[1] ; Generated ; 1000.000 ; 1.0 MHz   ; 0.000   ; 500.000 ; 50.00      ; 5         ; 1           ;       ;        ;           ;            ; false    ; PLL1_inst|altpll_component|auto_generated|pll1|clk[0] ; PLL2_inst|altpll_component|auto_generated|pll1|inclk[0] ; { PLL2_inst|altpll_component|auto_generated|pll1|clk[1] } ;
; PLL2_inst|altpll_component|auto_generated|pll1|clk[2] ; Generated ; 200.000  ; 5.0 MHz   ; 100.000 ; 200.000 ; 50.00      ; 1         ; 1           ; 180.0 ;        ;           ;            ; false    ; PLL1_inst|altpll_component|auto_generated|pll1|clk[0] ; PLL2_inst|altpll_component|auto_generated|pll1|inclk[0] ; { PLL2_inst|altpll_component|auto_generated|pll1|clk[2] } ;
; PLL2_inst|altpll_component|auto_generated|pll1|clk[3] ; Generated ; 200.000  ; 5.0 MHz   ; 0.000   ; 40.000  ; 20.00      ; 1         ; 1           ;       ;        ;           ;            ; false    ; PLL1_inst|altpll_component|auto_generated|pll1|clk[0] ; PLL2_inst|altpll_component|auto_generated|pll1|inclk[0] ; { PLL2_inst|altpll_component|auto_generated|pll1|clk[3] } ;
; sys_clk                                               ; Base      ; 20.000   ; 50.0 MHz  ; 0.000   ; 10.000  ;            ;           ;             ;       ;        ;           ;            ;          ;                                                       ;                                                         ; { sys_clk }                                               ;
+-------------------------------------------------------+-----------+----------+-----------+---------+---------+------------+-----------+-------------+-------+--------+-----------+------------+----------+-------------------------------------------------------+---------------------------------------------------------+-----------------------------------------------------------+


--------------------------------------
; Slow 1200mV 85C Model Fmax Summary ;
--------------------------------------
No paths to report.


----------------------------------
; Timing Closure Recommendations ;
----------------------------------
HTML report is unavailable in plain text report export.


---------------------------------------
; Slow 1200mV 85C Model Setup Summary ;
---------------------------------------
No paths to report.


--------------------------------------
; Slow 1200mV 85C Model Hold Summary ;
--------------------------------------
No paths to report.


------------------------------------------
; Slow 1200mV 85C Model Recovery Summary ;
------------------------------------------
No paths to report.


-----------------------------------------
; Slow 1200mV 85C Model Removal Summary ;
-----------------------------------------
No paths to report.


+--------------------------------------------------------------------------------+
; Slow 1200mV 85C Model Minimum Pulse Width Summary                              ;
+-------------------------------------------------------+--------+---------------+
; Clock                                                 ; Slack  ; End Point TNS ;
+-------------------------------------------------------+--------+---------------+
; sys_clk                                               ; 9.934  ; 0.000         ;
; PLL1_inst|altpll_component|auto_generated|pll1|clk[0] ; 99.960 ; 0.000         ;
+-------------------------------------------------------+--------+---------------+


+----------------------------------------------------------------------------------------------------------------------------------------------------+
; Slow 1200mV 85C Model Minimum Pulse Width: 'sys_clk'                                                                                               ;
+--------+--------------+----------------+------------------+---------+------------+-----------------------------------------------------------------+
; Slack  ; Actual Width ; Required Width ; Type             ; Clock   ; Clock Edge ; Target                                                          ;
+--------+--------------+----------------+------------------+---------+------------+-----------------------------------------------------------------+
; 9.934  ; 9.934        ; 0.000          ; Low Pulse Width  ; sys_clk ; Rise       ; PLL1_inst|altpll_component|auto_generated|pll1|clk[0]           ;
; 9.934  ; 9.934        ; 0.000          ; Low Pulse Width  ; sys_clk ; Rise       ; PLL1_inst|altpll_component|auto_generated|pll1|observablevcoout ;
; 9.954  ; 9.954        ; 0.000          ; Low Pulse Width  ; sys_clk ; Rise       ; sys_clk~input|o                                                 ;
; 9.977  ; 9.977        ; 0.000          ; Low Pulse Width  ; sys_clk ; Rise       ; PLL1_inst|altpll_component|auto_generated|pll1|inclk[0]         ;
; 10.000 ; 10.000       ; 0.000          ; High Pulse Width ; sys_clk ; Rise       ; sys_clk~input|i                                                 ;
; 10.000 ; 10.000       ; 0.000          ; Low Pulse Width  ; sys_clk ; Rise       ; sys_clk~input|i                                                 ;
; 10.022 ; 10.022       ; 0.000          ; High Pulse Width ; sys_clk ; Rise       ; PLL1_inst|altpll_component|auto_generated|pll1|inclk[0]         ;
; 10.046 ; 10.046       ; 0.000          ; High Pulse Width ; sys_clk ; Rise       ; sys_clk~input|o                                                 ;
; 10.066 ; 10.066       ; 0.000          ; High Pulse Width ; sys_clk ; Rise       ; PLL1_inst|altpll_component|auto_generated|pll1|clk[0]           ;
; 10.066 ; 10.066       ; 0.000          ; High Pulse Width ; sys_clk ; Rise       ; PLL1_inst|altpll_component|auto_generated|pll1|observablevcoout ;
; 16.000 ; 20.000       ; 4.000          ; Port Rate        ; sys_clk ; Rise       ; sys_clk                                                         ;
+--------+--------------+----------------+------------------+---------+------------+-----------------------------------------------------------------+


+---------------------------------------------------------------------------------------------------------------------------------------------------------------------------------------------------------------+
; Slow 1200mV 85C Model Minimum Pulse Width: 'PLL1_inst|altpll_component|auto_generated|pll1|clk[0]'                                                                                                            ;
+---------+--------------+----------------+------------------+-------------------------------------------------------+------------+-----------------------------------------------------------------------------+
; Slack   ; Actual Width ; Required Width ; Type             ; Clock                                                 ; Clock Edge ; Target                                                                      ;
+---------+--------------+----------------+------------------+-------------------------------------------------------+------------+-----------------------------------------------------------------------------+
; 99.960  ; 99.960       ; 0.000          ; Low Pulse Width  ; PLL1_inst|altpll_component|auto_generated|pll1|clk[0] ; Rise       ; PLL2_inst|altpll_component|auto_generated|pll1|clk[0]                       ;
; 99.960  ; 99.960       ; 0.000          ; Low Pulse Width  ; PLL1_inst|altpll_component|auto_generated|pll1|clk[0] ; Rise       ; PLL2_inst|altpll_component|auto_generated|pll1|clk[1]                       ;
; 99.960  ; 99.960       ; 0.000          ; Low Pulse Width  ; PLL1_inst|altpll_component|auto_generated|pll1|clk[0] ; Rise       ; PLL2_inst|altpll_component|auto_generated|pll1|clk[2]                       ;
; 99.960  ; 99.960       ; 0.000          ; Low Pulse Width  ; PLL1_inst|altpll_component|auto_generated|pll1|clk[0] ; Rise       ; PLL2_inst|altpll_component|auto_generated|pll1|clk[3]                       ;
; 99.960  ; 99.960       ; 0.000          ; Low Pulse Width  ; PLL1_inst|altpll_component|auto_generated|pll1|clk[0] ; Rise       ; PLL2_inst|altpll_component|auto_generated|pll1|observablevcoout             ;
; 99.967  ; 99.967       ; 0.000          ; High Pulse Width ; PLL1_inst|altpll_component|auto_generated|pll1|clk[0] ; Rise       ; PLL1_inst|altpll_component|auto_generated|wire_pll1_clk[0]~clkctrl|inclk[0] ;
; 99.967  ; 99.967       ; 0.000          ; High Pulse Width ; PLL1_inst|altpll_component|auto_generated|pll1|clk[0] ; Rise       ; PLL1_inst|altpll_component|auto_generated|wire_pll1_clk[0]~clkctrl|outclk   ;
; 99.998  ; 99.998       ; 0.000          ; High Pulse Width ; PLL1_inst|altpll_component|auto_generated|pll1|clk[0] ; Rise       ; PLL2_inst|altpll_component|auto_generated|pll1|inclk[0]                     ;
; 100.001 ; 100.001      ; 0.000          ; Low Pulse Width  ; PLL1_inst|altpll_component|auto_generated|pll1|clk[0] ; Rise       ; PLL2_inst|altpll_component|auto_generated|pll1|inclk[0]                     ;
; 100.031 ; 100.031      ; 0.000          ; Low Pulse Width  ; PLL1_inst|altpll_component|auto_generated|pll1|clk[0] ; Rise       ; PLL1_inst|altpll_component|auto_generated|wire_pll1_clk[0]~clkctrl|inclk[0] ;
; 100.031 ; 100.031      ; 0.000          ; Low Pulse Width  ; PLL1_inst|altpll_component|auto_generated|pll1|clk[0] ; Rise       ; PLL1_inst|altpll_component|auto_generated|wire_pll1_clk[0]~clkctrl|outclk   ;
; 100.040 ; 100.040      ; 0.000          ; High Pulse Width ; PLL1_inst|altpll_component|auto_generated|pll1|clk[0] ; Rise       ; PLL2_inst|altpll_component|auto_generated|pll1|clk[0]                       ;
; 100.040 ; 100.040      ; 0.000          ; High Pulse Width ; PLL1_inst|altpll_component|auto_generated|pll1|clk[0] ; Rise       ; PLL2_inst|altpll_component|auto_generated|pll1|clk[1]                       ;
; 100.040 ; 100.040      ; 0.000          ; High Pulse Width ; PLL1_inst|altpll_component|auto_generated|pll1|clk[0] ; Rise       ; PLL2_inst|altpll_component|auto_generated|pll1|clk[2]                       ;
; 100.040 ; 100.040      ; 0.000          ; High Pulse Width ; PLL1_inst|altpll_component|auto_generated|pll1|clk[0] ; Rise       ; PLL2_inst|altpll_component|auto_generated|pll1|clk[3]                       ;
; 100.040 ; 100.040      ; 0.000          ; High Pulse Width ; PLL1_inst|altpll_component|auto_generated|pll1|clk[0] ; Rise       ; PLL2_inst|altpll_component|auto_generated|pll1|observablevcoout             ;
+---------+--------------+----------------+------------------+-------------------------------------------------------+------------+-----------------------------------------------------------------------------+


+------------------------------------------------------------------------------------------------------------------+
; Clock to Output Times                                                                                            ;
+------------+------------+---------+---------+------------+-------------------------------------------------------+
; Data Port  ; Clock Port ; Rise    ; Fall    ; Clock Edge ; Clock Reference                                       ;
+------------+------------+---------+---------+------------+-------------------------------------------------------+
; clk_5MHz   ; sys_clk    ; 3.306   ;         ; Rise       ; PLL1_inst|altpll_component|auto_generated|pll1|clk[0] ;
; clk_5MHz   ; sys_clk    ;         ; 3.198   ; Fall       ; PLL1_inst|altpll_component|auto_generated|pll1|clk[0] ;
; clk_10MHz  ; sys_clk    ; 1.916   ;         ; Rise       ; PLL2_inst|altpll_component|auto_generated|pll1|clk[0] ;
; clk_10MHz  ; sys_clk    ;         ; 1.808   ; Fall       ; PLL2_inst|altpll_component|auto_generated|pll1|clk[0] ;
; clk_1MHz   ; sys_clk    ; 1.920   ;         ; Rise       ; PLL2_inst|altpll_component|auto_generated|pll1|clk[1] ;
; clk_1MHz   ; sys_clk    ;         ; 1.812   ; Fall       ; PLL2_inst|altpll_component|auto_generated|pll1|clk[1] ;
; clk_180deg ; sys_clk    ; 103.394 ;         ; Rise       ; PLL2_inst|altpll_component|auto_generated|pll1|clk[2] ;
; clk_180deg ; sys_clk    ;         ; 103.384 ; Fall       ; PLL2_inst|altpll_component|auto_generated|pll1|clk[2] ;
; clk_20dc   ; sys_clk    ; 1.773   ;         ; Rise       ; PLL2_inst|altpll_component|auto_generated|pll1|clk[3] ;
; clk_20dc   ; sys_clk    ;         ; 1.714   ; Fall       ; PLL2_inst|altpll_component|auto_generated|pll1|clk[3] ;
+------------+------------+---------+---------+------------+-------------------------------------------------------+


+------------------------------------------------------------------------------------------------------------------+
; Minimum Clock to Output Times                                                                                    ;
+------------+------------+---------+---------+------------+-------------------------------------------------------+
; Data Port  ; Clock Port ; Rise    ; Fall    ; Clock Edge ; Clock Reference                                       ;
+------------+------------+---------+---------+------------+-------------------------------------------------------+
; clk_5MHz   ; sys_clk    ; 2.808   ;         ; Rise       ; PLL1_inst|altpll_component|auto_generated|pll1|clk[0] ;
; clk_5MHz   ; sys_clk    ;         ; 2.703   ; Fall       ; PLL1_inst|altpll_component|auto_generated|pll1|clk[0] ;
; clk_10MHz  ; sys_clk    ; 1.178   ;         ; Rise       ; PLL2_inst|altpll_component|auto_generated|pll1|clk[0] ;
; clk_10MHz  ; sys_clk    ;         ; 1.073   ; Fall       ; PLL2_inst|altpll_component|auto_generated|pll1|clk[0] ;
; clk_1MHz   ; sys_clk    ; 1.182   ;         ; Rise       ; PLL2_inst|altpll_component|auto_generated|pll1|clk[1] ;
; clk_1MHz   ; sys_clk    ;         ; 1.076   ; Fall       ; PLL2_inst|altpll_component|auto_generated|pll1|clk[1] ;
; clk_180deg ; sys_clk    ; 102.655 ;         ; Rise       ; PLL2_inst|altpll_component|auto_generated|pll1|clk[2] ;
; clk_180deg ; sys_clk    ;         ; 102.647 ; Fall       ; PLL2_inst|altpll_component|auto_generated|pll1|clk[2] ;
; clk_20dc   ; sys_clk    ; 1.034   ;         ; Rise       ; PLL2_inst|altpll_component|auto_generated|pll1|clk[3] ;
; clk_20dc   ; sys_clk    ;         ; 0.977   ; Fall       ; PLL2_inst|altpll_component|auto_generated|pll1|clk[3] ;
+------------+------------+---------+---------+------------+-------------------------------------------------------+


----------------------------------------------
; Slow 1200mV 85C Model Metastability Report ;
----------------------------------------------
No synchronizer chains to report.


-------------------------------------
; Slow 1200mV 0C Model Fmax Summary ;
-------------------------------------
No paths to report.


--------------------------------------
; Slow 1200mV 0C Model Setup Summary ;
--------------------------------------
No paths to report.


-------------------------------------
; Slow 1200mV 0C Model Hold Summary ;
-------------------------------------
No paths to report.


-----------------------------------------
; Slow 1200mV 0C Model Recovery Summary ;
-----------------------------------------
No paths to report.


----------------------------------------
; Slow 1200mV 0C Model Removal Summary ;
----------------------------------------
No paths to report.


+--------------------------------------------------------------------------------+
; Slow 1200mV 0C Model Minimum Pulse Width Summary                               ;
+-------------------------------------------------------+--------+---------------+
; Clock                                                 ; Slack  ; End Point TNS ;
+-------------------------------------------------------+--------+---------------+
; sys_clk                                               ; 9.943  ; 0.000         ;
; PLL1_inst|altpll_component|auto_generated|pll1|clk[0] ; 99.962 ; 0.000         ;
+-------------------------------------------------------+--------+---------------+


+----------------------------------------------------------------------------------------------------------------------------------------------------+
; Slow 1200mV 0C Model Minimum Pulse Width: 'sys_clk'                                                                                                ;
+--------+--------------+----------------+------------------+---------+------------+-----------------------------------------------------------------+
; Slack  ; Actual Width ; Required Width ; Type             ; Clock   ; Clock Edge ; Target                                                          ;
+--------+--------------+----------------+------------------+---------+------------+-----------------------------------------------------------------+
; 9.943  ; 9.943        ; 0.000          ; Low Pulse Width  ; sys_clk ; Rise       ; PLL1_inst|altpll_component|auto_generated|pll1|clk[0]           ;
; 9.943  ; 9.943        ; 0.000          ; Low Pulse Width  ; sys_clk ; Rise       ; PLL1_inst|altpll_component|auto_generated|pll1|observablevcoout ;
; 9.975  ; 9.975        ; 0.000          ; Low Pulse Width  ; sys_clk ; Rise       ; sys_clk~input|o                                                 ;
; 9.992  ; 9.992        ; 0.000          ; Low Pulse Width  ; sys_clk ; Rise       ; PLL1_inst|altpll_component|auto_generated|pll1|inclk[0]         ;
; 10.000 ; 10.000       ; 0.000          ; High Pulse Width ; sys_clk ; Rise       ; sys_clk~input|i                                                 ;
; 10.000 ; 10.000       ; 0.000          ; Low Pulse Width  ; sys_clk ; Rise       ; sys_clk~input|i                                                 ;
; 10.008 ; 10.008       ; 0.000          ; High Pulse Width ; sys_clk ; Rise       ; PLL1_inst|altpll_component|auto_generated|pll1|inclk[0]         ;
; 10.025 ; 10.025       ; 0.000          ; High Pulse Width ; sys_clk ; Rise       ; sys_clk~input|o                                                 ;
; 10.056 ; 10.056       ; 0.000          ; High Pulse Width ; sys_clk ; Rise       ; PLL1_inst|altpll_component|auto_generated|pll1|clk[0]           ;
; 10.056 ; 10.056       ; 0.000          ; High Pulse Width ; sys_clk ; Rise       ; PLL1_inst|altpll_component|auto_generated|pll1|observablevcoout ;
; 16.000 ; 20.000       ; 4.000          ; Port Rate        ; sys_clk ; Rise       ; sys_clk                                                         ;
+--------+--------------+----------------+------------------+---------+------------+-----------------------------------------------------------------+


+---------------------------------------------------------------------------------------------------------------------------------------------------------------------------------------------------------------+
; Slow 1200mV 0C Model Minimum Pulse Width: 'PLL1_inst|altpll_component|auto_generated|pll1|clk[0]'                                                                                                             ;
+---------+--------------+----------------+------------------+-------------------------------------------------------+------------+-----------------------------------------------------------------------------+
; Slack   ; Actual Width ; Required Width ; Type             ; Clock                                                 ; Clock Edge ; Target                                                                      ;
+---------+--------------+----------------+------------------+-------------------------------------------------------+------------+-----------------------------------------------------------------------------+
; 99.962  ; 99.962       ; 0.000          ; Low Pulse Width  ; PLL1_inst|altpll_component|auto_generated|pll1|clk[0] ; Rise       ; PLL2_inst|altpll_component|auto_generated|pll1|clk[0]                       ;
; 99.962  ; 99.962       ; 0.000          ; Low Pulse Width  ; PLL1_inst|altpll_component|auto_generated|pll1|clk[0] ; Rise       ; PLL2_inst|altpll_component|auto_generated|pll1|clk[1]                       ;
; 99.962  ; 99.962       ; 0.000          ; Low Pulse Width  ; PLL1_inst|altpll_component|auto_generated|pll1|clk[0] ; Rise       ; PLL2_inst|altpll_component|auto_generated|pll1|clk[2]                       ;
; 99.962  ; 99.962       ; 0.000          ; Low Pulse Width  ; PLL1_inst|altpll_component|auto_generated|pll1|clk[0] ; Rise       ; PLL2_inst|altpll_component|auto_generated|pll1|clk[3]                       ;
; 99.962  ; 99.962       ; 0.000          ; Low Pulse Width  ; PLL1_inst|altpll_component|auto_generated|pll1|clk[0] ; Rise       ; PLL2_inst|altpll_component|auto_generated|pll1|observablevcoout             ;
; 99.965  ; 99.965       ; 0.000          ; High Pulse Width ; PLL1_inst|altpll_component|auto_generated|pll1|clk[0] ; Rise       ; PLL1_inst|altpll_component|auto_generated|wire_pll1_clk[0]~clkctrl|inclk[0] ;
; 99.965  ; 99.965       ; 0.000          ; High Pulse Width ; PLL1_inst|altpll_component|auto_generated|pll1|clk[0] ; Rise       ; PLL1_inst|altpll_component|auto_generated|wire_pll1_clk[0]~clkctrl|outclk   ;
; 99.998  ; 99.998       ; 0.000          ; High Pulse Width ; PLL1_inst|altpll_component|auto_generated|pll1|clk[0] ; Rise       ; PLL2_inst|altpll_component|auto_generated|pll1|inclk[0]                     ;
; 100.001 ; 100.001      ; 0.000          ; Low Pulse Width  ; PLL1_inst|altpll_component|auto_generated|pll1|clk[0] ; Rise       ; PLL2_inst|altpll_component|auto_generated|pll1|inclk[0]                     ;
; 100.033 ; 100.033      ; 0.000          ; Low Pulse Width  ; PLL1_inst|altpll_component|auto_generated|pll1|clk[0] ; Rise       ; PLL1_inst|altpll_component|auto_generated|wire_pll1_clk[0]~clkctrl|inclk[0] ;
; 100.033 ; 100.033      ; 0.000          ; Low Pulse Width  ; PLL1_inst|altpll_component|auto_generated|pll1|clk[0] ; Rise       ; PLL1_inst|altpll_component|auto_generated|wire_pll1_clk[0]~clkctrl|outclk   ;
; 100.038 ; 100.038      ; 0.000          ; High Pulse Width ; PLL1_inst|altpll_component|auto_generated|pll1|clk[0] ; Rise       ; PLL2_inst|altpll_component|auto_generated|pll1|clk[0]                       ;
; 100.038 ; 100.038      ; 0.000          ; High Pulse Width ; PLL1_inst|altpll_component|auto_generated|pll1|clk[0] ; Rise       ; PLL2_inst|altpll_component|auto_generated|pll1|clk[1]                       ;
; 100.038 ; 100.038      ; 0.000          ; High Pulse Width ; PLL1_inst|altpll_component|auto_generated|pll1|clk[0] ; Rise       ; PLL2_inst|altpll_component|auto_generated|pll1|clk[2]                       ;
; 100.038 ; 100.038      ; 0.000          ; High Pulse Width ; PLL1_inst|altpll_component|auto_generated|pll1|clk[0] ; Rise       ; PLL2_inst|altpll_component|auto_generated|pll1|clk[3]                       ;
; 100.038 ; 100.038      ; 0.000          ; High Pulse Width ; PLL1_inst|altpll_component|auto_generated|pll1|clk[0] ; Rise       ; PLL2_inst|altpll_component|auto_generated|pll1|observablevcoout             ;
+---------+--------------+----------------+------------------+-------------------------------------------------------+------------+-----------------------------------------------------------------------------+


+------------------------------------------------------------------------------------------------------------------+
; Clock to Output Times                                                                                            ;
+------------+------------+---------+---------+------------+-------------------------------------------------------+
; Data Port  ; Clock Port ; Rise    ; Fall    ; Clock Edge ; Clock Reference                                       ;
+------------+------------+---------+---------+------------+-------------------------------------------------------+
; clk_5MHz   ; sys_clk    ; 3.081   ;         ; Rise       ; PLL1_inst|altpll_component|auto_generated|pll1|clk[0] ;
; clk_5MHz   ; sys_clk    ;         ; 2.952   ; Fall       ; PLL1_inst|altpll_component|auto_generated|pll1|clk[0] ;
; clk_10MHz  ; sys_clk    ; 1.845   ;         ; Rise       ; PLL2_inst|altpll_component|auto_generated|pll1|clk[0] ;
; clk_10MHz  ; sys_clk    ;         ; 1.718   ; Fall       ; PLL2_inst|altpll_component|auto_generated|pll1|clk[0] ;
; clk_1MHz   ; sys_clk    ; 1.849   ;         ; Rise       ; PLL2_inst|altpll_component|auto_generated|pll1|clk[1] ;
; clk_1MHz   ; sys_clk    ;         ; 1.720   ; Fall       ; PLL2_inst|altpll_component|auto_generated|pll1|clk[1] ;
; clk_180deg ; sys_clk    ; 103.139 ;         ; Rise       ; PLL2_inst|altpll_component|auto_generated|pll1|clk[2] ;
; clk_180deg ; sys_clk    ;         ; 103.063 ; Fall       ; PLL2_inst|altpll_component|auto_generated|pll1|clk[2] ;
; clk_20dc   ; sys_clk    ; 1.689   ;         ; Rise       ; PLL2_inst|altpll_component|auto_generated|pll1|clk[3] ;
; clk_20dc   ; sys_clk    ;         ; 1.628   ; Fall       ; PLL2_inst|altpll_component|auto_generated|pll1|clk[3] ;
+------------+------------+---------+---------+------------+-------------------------------------------------------+


+------------------------------------------------------------------------------------------------------------------+
; Minimum Clock to Output Times                                                                                    ;
+------------+------------+---------+---------+------------+-------------------------------------------------------+
; Data Port  ; Clock Port ; Rise    ; Fall    ; Clock Edge ; Clock Reference                                       ;
+------------+------------+---------+---------+------------+-------------------------------------------------------+
; clk_5MHz   ; sys_clk    ; 2.619   ;         ; Rise       ; PLL1_inst|altpll_component|auto_generated|pll1|clk[0] ;
; clk_5MHz   ; sys_clk    ;         ; 2.495   ; Fall       ; PLL1_inst|altpll_component|auto_generated|pll1|clk[0] ;
; clk_10MHz  ; sys_clk    ; 1.172   ;         ; Rise       ; PLL2_inst|altpll_component|auto_generated|pll1|clk[0] ;
; clk_10MHz  ; sys_clk    ;         ; 1.050   ; Fall       ; PLL2_inst|altpll_component|auto_generated|pll1|clk[0] ;
; clk_1MHz   ; sys_clk    ; 1.176   ;         ; Rise       ; PLL2_inst|altpll_component|auto_generated|pll1|clk[1] ;
; clk_1MHz   ; sys_clk    ;         ; 1.052   ; Fall       ; PLL2_inst|altpll_component|auto_generated|pll1|clk[1] ;
; clk_180deg ; sys_clk    ; 102.465 ;         ; Rise       ; PLL2_inst|altpll_component|auto_generated|pll1|clk[2] ;
; clk_180deg ; sys_clk    ;         ; 102.394 ; Fall       ; PLL2_inst|altpll_component|auto_generated|pll1|clk[2] ;
; clk_20dc   ; sys_clk    ; 1.018   ;         ; Rise       ; PLL2_inst|altpll_component|auto_generated|pll1|clk[3] ;
; clk_20dc   ; sys_clk    ;         ; 0.960   ; Fall       ; PLL2_inst|altpll_component|auto_generated|pll1|clk[3] ;
+------------+------------+---------+---------+------------+-------------------------------------------------------+


---------------------------------------------
; Slow 1200mV 0C Model Metastability Report ;
---------------------------------------------
No synchronizer chains to report.


--------------------------------------
; Fast 1200mV 0C Model Setup Summary ;
--------------------------------------
No paths to report.


-------------------------------------
; Fast 1200mV 0C Model Hold Summary ;
-------------------------------------
No paths to report.


-----------------------------------------
; Fast 1200mV 0C Model Recovery Summary ;
-----------------------------------------
No paths to report.


----------------------------------------
; Fast 1200mV 0C Model Removal Summary ;
----------------------------------------
No paths to report.


+--------------------------------------------------------------------------------+
; Fast 1200mV 0C Model Minimum Pulse Width Summary                               ;
+-------------------------------------------------------+--------+---------------+
; Clock                                                 ; Slack  ; End Point TNS ;
+-------------------------------------------------------+--------+---------------+
; sys_clk                                               ; 9.594  ; 0.000         ;
; PLL1_inst|altpll_component|auto_generated|pll1|clk[0] ; 99.973 ; 0.000         ;
+-------------------------------------------------------+--------+---------------+


+----------------------------------------------------------------------------------------------------------------------------------------------------+
; Fast 1200mV 0C Model Minimum Pulse Width: 'sys_clk'                                                                                                ;
+--------+--------------+----------------+------------------+---------+------------+-----------------------------------------------------------------+
; Slack  ; Actual Width ; Required Width ; Type             ; Clock   ; Clock Edge ; Target                                                          ;
+--------+--------------+----------------+------------------+---------+------------+-----------------------------------------------------------------+
; 9.594  ; 9.594        ; 0.000          ; Low Pulse Width  ; sys_clk ; Rise       ; PLL1_inst|altpll_component|auto_generated|pll1|clk[0]           ;
; 9.594  ; 9.594        ; 0.000          ; Low Pulse Width  ; sys_clk ; Rise       ; PLL1_inst|altpll_component|auto_generated|pll1|observablevcoout ;
; 9.620  ; 9.620        ; 0.000          ; Low Pulse Width  ; sys_clk ; Rise       ; sys_clk~input|o                                                 ;
; 9.622  ; 9.622        ; 0.000          ; Low Pulse Width  ; sys_clk ; Rise       ; PLL1_inst|altpll_component|auto_generated|pll1|inclk[0]         ;
; 10.000 ; 10.000       ; 0.000          ; High Pulse Width ; sys_clk ; Rise       ; sys_clk~input|i                                                 ;
; 10.000 ; 10.000       ; 0.000          ; Low Pulse Width  ; sys_clk ; Rise       ; sys_clk~input|i                                                 ;
; 10.377 ; 10.377       ; 0.000          ; High Pulse Width ; sys_clk ; Rise       ; PLL1_inst|altpll_component|auto_generated|pll1|inclk[0]         ;
; 10.380 ; 10.380       ; 0.000          ; High Pulse Width ; sys_clk ; Rise       ; sys_clk~input|o                                                 ;
; 10.404 ; 10.404       ; 0.000          ; High Pulse Width ; sys_clk ; Rise       ; PLL1_inst|altpll_component|auto_generated|pll1|clk[0]           ;
; 10.404 ; 10.404       ; 0.000          ; High Pulse Width ; sys_clk ; Rise       ; PLL1_inst|altpll_component|auto_generated|pll1|observablevcoout ;
; 16.000 ; 20.000       ; 4.000          ; Port Rate        ; sys_clk ; Rise       ; sys_clk                                                         ;
+--------+--------------+----------------+------------------+---------+------------+-----------------------------------------------------------------+


+---------------------------------------------------------------------------------------------------------------------------------------------------------------------------------------------------------------+
; Fast 1200mV 0C Model Minimum Pulse Width: 'PLL1_inst|altpll_component|auto_generated|pll1|clk[0]'                                                                                                             ;
+---------+--------------+----------------+------------------+-------------------------------------------------------+------------+-----------------------------------------------------------------------------+
; Slack   ; Actual Width ; Required Width ; Type             ; Clock                                                 ; Clock Edge ; Target                                                                      ;
+---------+--------------+----------------+------------------+-------------------------------------------------------+------------+-----------------------------------------------------------------------------+
; 99.973  ; 99.973       ; 0.000          ; Low Pulse Width  ; PLL1_inst|altpll_component|auto_generated|pll1|clk[0] ; Rise       ; PLL2_inst|altpll_component|auto_generated|pll1|clk[0]                       ;
; 99.973  ; 99.973       ; 0.000          ; Low Pulse Width  ; PLL1_inst|altpll_component|auto_generated|pll1|clk[0] ; Rise       ; PLL2_inst|altpll_component|auto_generated|pll1|clk[1]                       ;
; 99.973  ; 99.973       ; 0.000          ; Low Pulse Width  ; PLL1_inst|altpll_component|auto_generated|pll1|clk[0] ; Rise       ; PLL2_inst|altpll_component|auto_generated|pll1|clk[2]                       ;
; 99.973  ; 99.973       ; 0.000          ; Low Pulse Width  ; PLL1_inst|altpll_component|auto_generated|pll1|clk[0] ; Rise       ; PLL2_inst|altpll_component|auto_generated|pll1|clk[3]                       ;
; 99.973  ; 99.973       ; 0.000          ; Low Pulse Width  ; PLL1_inst|altpll_component|auto_generated|pll1|clk[0] ; Rise       ; PLL2_inst|altpll_component|auto_generated|pll1|inclk[0]                     ;
; 99.973  ; 99.973       ; 0.000          ; Low Pulse Width  ; PLL1_inst|altpll_component|auto_generated|pll1|clk[0] ; Rise       ; PLL2_inst|altpll_component|auto_generated|pll1|observablevcoout             ;
; 99.999  ; 99.999       ; 0.000          ; High Pulse Width ; PLL1_inst|altpll_component|auto_generated|pll1|clk[0] ; Rise       ; PLL1_inst|altpll_component|auto_generated|wire_pll1_clk[0]~clkctrl|inclk[0] ;
; 99.999  ; 99.999       ; 0.000          ; High Pulse Width ; PLL1_inst|altpll_component|auto_generated|pll1|clk[0] ; Rise       ; PLL1_inst|altpll_component|auto_generated|wire_pll1_clk[0]~clkctrl|outclk   ;
; 100.001 ; 100.001      ; 0.000          ; Low Pulse Width  ; PLL1_inst|altpll_component|auto_generated|pll1|clk[0] ; Rise       ; PLL1_inst|altpll_component|auto_generated|wire_pll1_clk[0]~clkctrl|inclk[0] ;
; 100.001 ; 100.001      ; 0.000          ; Low Pulse Width  ; PLL1_inst|altpll_component|auto_generated|pll1|clk[0] ; Rise       ; PLL1_inst|altpll_component|auto_generated|wire_pll1_clk[0]~clkctrl|outclk   ;
; 100.026 ; 100.026      ; 0.000          ; High Pulse Width ; PLL1_inst|altpll_component|auto_generated|pll1|clk[0] ; Rise       ; PLL2_inst|altpll_component|auto_generated|pll1|clk[0]                       ;
; 100.026 ; 100.026      ; 0.000          ; High Pulse Width ; PLL1_inst|altpll_component|auto_generated|pll1|clk[0] ; Rise       ; PLL2_inst|altpll_component|auto_generated|pll1|clk[1]                       ;
; 100.026 ; 100.026      ; 0.000          ; High Pulse Width ; PLL1_inst|altpll_component|auto_generated|pll1|clk[0] ; Rise       ; PLL2_inst|altpll_component|auto_generated|pll1|clk[2]                       ;
; 100.026 ; 100.026      ; 0.000          ; High Pulse Width ; PLL1_inst|altpll_component|auto_generated|pll1|clk[0] ; Rise       ; PLL2_inst|altpll_component|auto_generated|pll1|clk[3]                       ;
; 100.026 ; 100.026      ; 0.000          ; High Pulse Width ; PLL1_inst|altpll_component|auto_generated|pll1|clk[0] ; Rise       ; PLL2_inst|altpll_component|auto_generated|pll1|inclk[0]                     ;
; 100.026 ; 100.026      ; 0.000          ; High Pulse Width ; PLL1_inst|altpll_component|auto_generated|pll1|clk[0] ; Rise       ; PLL2_inst|altpll_component|auto_generated|pll1|observablevcoout             ;
+---------+--------------+----------------+------------------+-------------------------------------------------------+------------+-----------------------------------------------------------------------------+


+------------------------------------------------------------------------------------------------------------------+
; Clock to Output Times                                                                                            ;
+------------+------------+---------+---------+------------+-------------------------------------------------------+
; Data Port  ; Clock Port ; Rise    ; Fall    ; Clock Edge ; Clock Reference                                       ;
+------------+------------+---------+---------+------------+-------------------------------------------------------+
; clk_5MHz   ; sys_clk    ; 1.539   ;         ; Rise       ; PLL1_inst|altpll_component|auto_generated|pll1|clk[0] ;
; clk_5MHz   ; sys_clk    ;         ; 1.586   ; Fall       ; PLL1_inst|altpll_component|auto_generated|pll1|clk[0] ;
; clk_10MHz  ; sys_clk    ; 0.864   ;         ; Rise       ; PLL2_inst|altpll_component|auto_generated|pll1|clk[0] ;
; clk_10MHz  ; sys_clk    ;         ; 0.910   ; Fall       ; PLL2_inst|altpll_component|auto_generated|pll1|clk[0] ;
; clk_1MHz   ; sys_clk    ; 0.869   ;         ; Rise       ; PLL2_inst|altpll_component|auto_generated|pll1|clk[1] ;
; clk_1MHz   ; sys_clk    ;         ; 0.914   ; Fall       ; PLL2_inst|altpll_component|auto_generated|pll1|clk[1] ;
; clk_180deg ; sys_clk    ; 101.806 ;         ; Rise       ; PLL2_inst|altpll_component|auto_generated|pll1|clk[2] ;
; clk_180deg ; sys_clk    ;         ; 101.909 ; Fall       ; PLL2_inst|altpll_component|auto_generated|pll1|clk[2] ;
; clk_20dc   ; sys_clk    ; 0.819   ;         ; Rise       ; PLL2_inst|altpll_component|auto_generated|pll1|clk[3] ;
; clk_20dc   ; sys_clk    ;         ; 0.862   ; Fall       ; PLL2_inst|altpll_component|auto_generated|pll1|clk[3] ;
+------------+------------+---------+---------+------------+-------------------------------------------------------+


+------------------------------------------------------------------------------------------------------------------+
; Minimum Clock to Output Times                                                                                    ;
+------------+------------+---------+---------+------------+-------------------------------------------------------+
; Data Port  ; Clock Port ; Rise    ; Fall    ; Clock Edge ; Clock Reference                                       ;
+------------+------------+---------+---------+------------+-------------------------------------------------------+
; clk_5MHz   ; sys_clk    ; 1.305   ;         ; Rise       ; PLL1_inst|altpll_component|auto_generated|pll1|clk[0] ;
; clk_5MHz   ; sys_clk    ;         ; 1.349   ; Fall       ; PLL1_inst|altpll_component|auto_generated|pll1|clk[0] ;
; clk_10MHz  ; sys_clk    ; 0.514   ;         ; Rise       ; PLL2_inst|altpll_component|auto_generated|pll1|clk[0] ;
; clk_10MHz  ; sys_clk    ;         ; 0.558   ; Fall       ; PLL2_inst|altpll_component|auto_generated|pll1|clk[0] ;
; clk_1MHz   ; sys_clk    ; 0.519   ;         ; Rise       ; PLL2_inst|altpll_component|auto_generated|pll1|clk[1] ;
; clk_1MHz   ; sys_clk    ;         ; 0.562   ; Fall       ; PLL2_inst|altpll_component|auto_generated|pll1|clk[1] ;
; clk_180deg ; sys_clk    ; 101.456 ;         ; Rise       ; PLL2_inst|altpll_component|auto_generated|pll1|clk[2] ;
; clk_180deg ; sys_clk    ;         ; 101.557 ; Fall       ; PLL2_inst|altpll_component|auto_generated|pll1|clk[2] ;
; clk_20dc   ; sys_clk    ; 0.471   ;         ; Rise       ; PLL2_inst|altpll_component|auto_generated|pll1|clk[3] ;
; clk_20dc   ; sys_clk    ;         ; 0.513   ; Fall       ; PLL2_inst|altpll_component|auto_generated|pll1|clk[3] ;
+------------+------------+---------+---------+------------+-------------------------------------------------------+


---------------------------------------------
; Fast 1200mV 0C Model Metastability Report ;
---------------------------------------------
No synchronizer chains to report.


+------------------------------------------------------------------------------------------------------------------+
; Multicorner Timing Analysis Summary                                                                              ;
+--------------------------------------------------------+-------+------+----------+---------+---------------------+
; Clock                                                  ; Setup ; Hold ; Recovery ; Removal ; Minimum Pulse Width ;
+--------------------------------------------------------+-------+------+----------+---------+---------------------+
; Worst-case Slack                                       ; N/A   ; N/A  ; N/A      ; N/A     ; 9.594               ;
;  PLL1_inst|altpll_component|auto_generated|pll1|clk[0] ; N/A   ; N/A  ; N/A      ; N/A     ; 99.960              ;
;  sys_clk                                               ; N/A   ; N/A  ; N/A      ; N/A     ; 9.594               ;
; Design-wide TNS                                        ; 0.0   ; 0.0  ; 0.0      ; 0.0     ; 0.0                 ;
;  PLL1_inst|altpll_component|auto_generated|pll1|clk[0] ; N/A   ; N/A  ; N/A      ; N/A     ; 0.000               ;
;  sys_clk                                               ; N/A   ; N/A  ; N/A      ; N/A     ; 0.000               ;
+--------------------------------------------------------+-------+------+----------+---------+---------------------+


+------------------------------------------------------------------------------------------------------------------+
; Clock to Output Times                                                                                            ;
+------------+------------+---------+---------+------------+-------------------------------------------------------+
; Data Port  ; Clock Port ; Rise    ; Fall    ; Clock Edge ; Clock Reference                                       ;
+------------+------------+---------+---------+------------+-------------------------------------------------------+
; clk_5MHz   ; sys_clk    ; 3.306   ;         ; Rise       ; PLL1_inst|altpll_component|auto_generated|pll1|clk[0] ;
; clk_5MHz   ; sys_clk    ;         ; 3.198   ; Fall       ; PLL1_inst|altpll_component|auto_generated|pll1|clk[0] ;
; clk_10MHz  ; sys_clk    ; 1.916   ;         ; Rise       ; PLL2_inst|altpll_component|auto_generated|pll1|clk[0] ;
; clk_10MHz  ; sys_clk    ;         ; 1.808   ; Fall       ; PLL2_inst|altpll_component|auto_generated|pll1|clk[0] ;
; clk_1MHz   ; sys_clk    ; 1.920   ;         ; Rise       ; PLL2_inst|altpll_component|auto_generated|pll1|clk[1] ;
; clk_1MHz   ; sys_clk    ;         ; 1.812   ; Fall       ; PLL2_inst|altpll_component|auto_generated|pll1|clk[1] ;
; clk_180deg ; sys_clk    ; 103.394 ;         ; Rise       ; PLL2_inst|altpll_component|auto_generated|pll1|clk[2] ;
; clk_180deg ; sys_clk    ;         ; 103.384 ; Fall       ; PLL2_inst|altpll_component|auto_generated|pll1|clk[2] ;
; clk_20dc   ; sys_clk    ; 1.773   ;         ; Rise       ; PLL2_inst|altpll_component|auto_generated|pll1|clk[3] ;
; clk_20dc   ; sys_clk    ;         ; 1.714   ; Fall       ; PLL2_inst|altpll_component|auto_generated|pll1|clk[3] ;
+------------+------------+---------+---------+------------+-------------------------------------------------------+


+------------------------------------------------------------------------------------------------------------------+
; Minimum Clock to Output Times                                                                                    ;
+------------+------------+---------+---------+------------+-------------------------------------------------------+
; Data Port  ; Clock Port ; Rise    ; Fall    ; Clock Edge ; Clock Reference                                       ;
+------------+------------+---------+---------+------------+-------------------------------------------------------+
; clk_5MHz   ; sys_clk    ; 1.305   ;         ; Rise       ; PLL1_inst|altpll_component|auto_generated|pll1|clk[0] ;
; clk_5MHz   ; sys_clk    ;         ; 1.349   ; Fall       ; PLL1_inst|altpll_component|auto_generated|pll1|clk[0] ;
; clk_10MHz  ; sys_clk    ; 0.514   ;         ; Rise       ; PLL2_inst|altpll_component|auto_generated|pll1|clk[0] ;
; clk_10MHz  ; sys_clk    ;         ; 0.558   ; Fall       ; PLL2_inst|altpll_component|auto_generated|pll1|clk[0] ;
; clk_1MHz   ; sys_clk    ; 0.519   ;         ; Rise       ; PLL2_inst|altpll_component|auto_generated|pll1|clk[1] ;
; clk_1MHz   ; sys_clk    ;         ; 0.562   ; Fall       ; PLL2_inst|altpll_component|auto_generated|pll1|clk[1] ;
; clk_180deg ; sys_clk    ; 101.456 ;         ; Rise       ; PLL2_inst|altpll_component|auto_generated|pll1|clk[2] ;
; clk_180deg ; sys_clk    ;         ; 101.557 ; Fall       ; PLL2_inst|altpll_component|auto_generated|pll1|clk[2] ;
; clk_20dc   ; sys_clk    ; 0.471   ;         ; Rise       ; PLL2_inst|altpll_component|auto_generated|pll1|clk[3] ;
; clk_20dc   ; sys_clk    ;         ; 0.513   ; Fall       ; PLL2_inst|altpll_component|auto_generated|pll1|clk[3] ;
+------------+------------+---------+---------+------------+-------------------------------------------------------+


+------------------------------------------------------------------------------------------------------------------------------------------------------------------------------------------------------------------------------------------------------------------------------------------------------------------------------------------------------------------------------------------------------------------+
; Board Trace Model Assignments                                                                                                                                                                                                                                                                                                                                                                                    ;
+---------------+--------------+-------------------+-------------------------+-------------------------+---------------+---------------------+----------------+------------------+--------+------------------+------------------------+------------------------+--------------+---------------+-----------------+-------+---------------------+--------------------+---------------+-----------------+-------------+
; Pin           ; I/O Standard ; Near Tline Length ; Near Tline L per Length ; Near Tline C per Length ; Near Series R ; Near Differential R ; Near Pull-up R ; Near Pull-down R ; Near C ; Far Tline Length ; Far Tline L per Length ; Far Tline C per Length ; Far Series R ; Far Pull-up R ; Far Pull-down R ; Far C ; Termination Voltage ; Far Differential R ; EBD File Name ; EBD Signal Name ; EBD Far-end ;
+---------------+--------------+-------------------+-------------------------+-------------------------+---------------+---------------------+----------------+------------------+--------+------------------+------------------------+------------------------+--------------+---------------+-----------------+-------+---------------------+--------------------+---------------+-----------------+-------------+
; clk_5MHz      ; 2.5 V        ; 0 in              ; 0 H/in                  ; 0 F/in                  ; short         ; -                   ; open           ; open             ; open   ; 0 in             ; 0 H/in                 ; 0 F/in                 ; short        ; open          ; open            ; open  ; 0 V                 ; -                  ; n/a           ; n/a             ; n/a         ;
; clk_10MHz     ; 2.5 V        ; 0 in              ; 0 H/in                  ; 0 F/in                  ; short         ; -                   ; open           ; open             ; open   ; 0 in             ; 0 H/in                 ; 0 F/in                 ; short        ; open          ; open            ; open  ; 0 V                 ; -                  ; n/a           ; n/a             ; n/a         ;
; clk_1MHz      ; 2.5 V        ; 0 in              ; 0 H/in                  ; 0 F/in                  ; short         ; -                   ; open           ; open             ; open   ; 0 in             ; 0 H/in                 ; 0 F/in                 ; short        ; open          ; open            ; open  ; 0 V                 ; -                  ; n/a           ; n/a             ; n/a         ;
; clk_180deg    ; 2.5 V        ; 0 in              ; 0 H/in                  ; 0 F/in                  ; short         ; -                   ; open           ; open             ; open   ; 0 in             ; 0 H/in                 ; 0 F/in                 ; short        ; open          ; open            ; open  ; 0 V                 ; -                  ; n/a           ; n/a             ; n/a         ;
; clk_20dc      ; 2.5 V        ; 0 in              ; 0 H/in                  ; 0 F/in                  ; short         ; -                   ; open           ; open             ; open   ; 0 in             ; 0 H/in                 ; 0 F/in                 ; short        ; open          ; open            ; open  ; 0 V                 ; -                  ; n/a           ; n/a             ; n/a         ;
; locked_sig1   ; 2.5 V        ; 0 in              ; 0 H/in                  ; 0 F/in                  ; short         ; -                   ; open           ; open             ; open   ; 0 in             ; 0 H/in                 ; 0 F/in                 ; short        ; open          ; open            ; open  ; 0 V                 ; -                  ; n/a           ; n/a             ; n/a         ;
; locked_sig2   ; 2.5 V        ; 0 in              ; 0 H/in                  ; 0 F/in                  ; short         ; -                   ; open           ; open             ; open   ; 0 in             ; 0 H/in                 ; 0 F/in                 ; short        ; open          ; open            ; open  ; 0 V                 ; -                  ; n/a           ; n/a             ; n/a         ;
; ~ALTERA_DCLK~ ; 2.5 V        ; 0 in              ; 0 H/in                  ; 0 F/in                  ; short         ; -                   ; open           ; open             ; open   ; 0 in             ; 0 H/in                 ; 0 F/in                 ; short        ; open          ; open            ; open  ; 0 V                 ; -                  ; n/a           ; n/a             ; n/a         ;
; ~ALTERA_nCEO~ ; 2.5 V        ; 0 in              ; 0 H/in                  ; 0 F/in                  ; short         ; -                   ; open           ; open             ; open   ; 0 in             ; 0 H/in                 ; 0 F/in                 ; short        ; open          ; open            ; open  ; 0 V                 ; -                  ; n/a           ; n/a             ; n/a         ;
+---------------+--------------+-------------------+-------------------------+-------------------------+---------------+---------------------+----------------+------------------+--------+------------------+------------------------+------------------------+--------------+---------------+-----------------+-------+---------------------+--------------------+---------------+-----------------+-------------+


+----------------------------------------------------------------------------+
; Input Transition Times                                                     ;
+-------------------------+--------------+-----------------+-----------------+
; Pin                     ; I/O Standard ; 10-90 Rise Time ; 90-10 Fall Time ;
+-------------------------+--------------+-----------------+-----------------+
; rst_n                   ; 2.5 V        ; 2000 ps         ; 2000 ps         ;
; sys_clk                 ; 2.5 V        ; 2000 ps         ; 2000 ps         ;
; ~ALTERA_ASDO_DATA1~     ; 2.5 V        ; 2000 ps         ; 2000 ps         ;
; ~ALTERA_FLASH_nCE_nCSO~ ; 2.5 V        ; 2000 ps         ; 2000 ps         ;
; ~ALTERA_DATA0~          ; 2.5 V        ; 2000 ps         ; 2000 ps         ;
+-------------------------+--------------+-----------------+-----------------+


+--------------------------------------------------------------------------------------------------------------------------------------------------------------------------------------------------------------------------------------------------------------------------------------------------------------------------------------------------------------------------------------------------------------------------------------------------------------------------------------------------------------------------------------------------------------------------------------------------------------------------------------------------------------------------------------------+
; Signal Integrity Metrics (Slow 1200mv 0c Model)                                                                                                                                                                                                                                                                                                                                                                                                                                                                                                                                                                                                                                            ;
+---------------+--------------+---------------------+---------------------+------------------------------+------------------------------+---------------------+---------------------+--------------------------------------+--------------------------------------+-----------------------------+-----------------------------+----------------------------+----------------------------+-----------------------------+-----------------------------+--------------------+--------------------+-------------------------------------+-------------------------------------+----------------------------+----------------------------+---------------------------+---------------------------+
; Pin           ; I/O Standard ; Board Delay on Rise ; Board Delay on Fall ; Steady State Voh at FPGA Pin ; Steady State Vol at FPGA Pin ; Voh Max at FPGA Pin ; Vol Min at FPGA Pin ; Ringback Voltage on Rise at FPGA Pin ; Ringback Voltage on Fall at FPGA Pin ; 10-90 Rise Time at FPGA Pin ; 90-10 Fall Time at FPGA Pin ; Monotonic Rise at FPGA Pin ; Monotonic Fall at FPGA Pin ; Steady State Voh at Far-end ; Steady State Vol at Far-end ; Voh Max at Far-end ; Vol Min at Far-end ; Ringback Voltage on Rise at Far-end ; Ringback Voltage on Fall at Far-end ; 10-90 Rise Time at Far-end ; 90-10 Fall Time at Far-end ; Monotonic Rise at Far-end ; Monotonic Fall at Far-end ;
+---------------+--------------+---------------------+---------------------+------------------------------+------------------------------+---------------------+---------------------+--------------------------------------+--------------------------------------+-----------------------------+-----------------------------+----------------------------+----------------------------+-----------------------------+-----------------------------+--------------------+--------------------+-------------------------------------+-------------------------------------+----------------------------+----------------------------+---------------------------+---------------------------+
; clk_5MHz      ; 2.5 V        ; 0 s                 ; 0 s                 ; 2.32 V                       ; 2.8e-09 V                    ; 2.37 V              ; -0.00373 V          ; 0.104 V                              ; 0.011 V                              ; 4.34e-10 s                  ; 3.82e-10 s                  ; Yes                        ; Yes                        ; 2.32 V                      ; 2.8e-09 V                   ; 2.37 V             ; -0.00373 V         ; 0.104 V                             ; 0.011 V                             ; 4.34e-10 s                 ; 3.82e-10 s                 ; Yes                       ; Yes                       ;
; clk_10MHz     ; 2.5 V        ; 0 s                 ; 0 s                 ; 2.32 V                       ; 2.8e-09 V                    ; 2.37 V              ; -0.00373 V          ; 0.104 V                              ; 0.011 V                              ; 4.34e-10 s                  ; 3.82e-10 s                  ; Yes                        ; Yes                        ; 2.32 V                      ; 2.8e-09 V                   ; 2.37 V             ; -0.00373 V         ; 0.104 V                             ; 0.011 V                             ; 4.34e-10 s                 ; 3.82e-10 s                 ; Yes                       ; Yes                       ;
; clk_1MHz      ; 2.5 V        ; 0 s                 ; 0 s                 ; 2.32 V                       ; 2.8e-09 V                    ; 2.37 V              ; -0.00373 V          ; 0.104 V                              ; 0.011 V                              ; 4.34e-10 s                  ; 3.82e-10 s                  ; Yes                        ; Yes                        ; 2.32 V                      ; 2.8e-09 V                   ; 2.37 V             ; -0.00373 V         ; 0.104 V                             ; 0.011 V                             ; 4.34e-10 s                 ; 3.82e-10 s                 ; Yes                       ; Yes                       ;
; clk_180deg    ; 2.5 V        ; 0 s                 ; 0 s                 ; 2.32 V                       ; 2.8e-09 V                    ; 2.33 V              ; -0.00425 V          ; 0.168 V                              ; 0.058 V                              ; 3.12e-09 s                  ; 2.87e-09 s                  ; Yes                        ; Yes                        ; 2.32 V                      ; 2.8e-09 V                   ; 2.33 V             ; -0.00425 V         ; 0.168 V                             ; 0.058 V                             ; 3.12e-09 s                 ; 2.87e-09 s                 ; Yes                       ; Yes                       ;
; clk_20dc      ; 2.5 V        ; 0 s                 ; 0 s                 ; 2.32 V                       ; 2.07e-09 V                   ; 2.38 V              ; -0.0073 V           ; 0.097 V                              ; 0.018 V                              ; 4.24e-10 s                  ; 3.65e-10 s                  ; No                         ; Yes                        ; 2.32 V                      ; 2.07e-09 V                  ; 2.38 V             ; -0.0073 V          ; 0.097 V                             ; 0.018 V                             ; 4.24e-10 s                 ; 3.65e-10 s                 ; No                        ; Yes                       ;
; locked_sig1   ; 2.5 V        ; 0 s                 ; 0 s                 ; 2.32 V                       ; 2.8e-09 V                    ; 2.37 V              ; -0.00373 V          ; 0.104 V                              ; 0.011 V                              ; 4.34e-10 s                  ; 3.82e-10 s                  ; Yes                        ; Yes                        ; 2.32 V                      ; 2.8e-09 V                   ; 2.37 V             ; -0.00373 V         ; 0.104 V                             ; 0.011 V                             ; 4.34e-10 s                 ; 3.82e-10 s                 ; Yes                       ; Yes                       ;
; locked_sig2   ; 2.5 V        ; 0 s                 ; 0 s                 ; 2.32 V                       ; 2.8e-09 V                    ; 2.37 V              ; -0.00373 V          ; 0.104 V                              ; 0.011 V                              ; 4.34e-10 s                  ; 3.82e-10 s                  ; Yes                        ; Yes                        ; 2.32 V                      ; 2.8e-09 V                   ; 2.37 V             ; -0.00373 V         ; 0.104 V                             ; 0.011 V                             ; 4.34e-10 s                 ; 3.82e-10 s                 ; Yes                       ; Yes                       ;
; ~ALTERA_DCLK~ ; 2.5 V        ; 0 s                 ; 0 s                 ; 2.32 V                       ; 1.74e-09 V                   ; 2.37 V              ; -0.0346 V           ; 0.198 V                              ; 0.094 V                              ; 3.14e-10 s                  ; 2.92e-10 s                  ; Yes                        ; Yes                        ; 2.32 V                      ; 1.74e-09 V                  ; 2.37 V             ; -0.0346 V          ; 0.198 V                             ; 0.094 V                             ; 3.14e-10 s                 ; 2.92e-10 s                 ; Yes                       ; Yes                       ;
; ~ALTERA_nCEO~ ; 2.5 V        ; 0 s                 ; 0 s                 ; 2.32 V                       ; 2.57e-09 V                   ; 2.37 V              ; -0.00683 V          ; 0.171 V                              ; 0.018 V                              ; 4.97e-10 s                  ; 6.66e-10 s                  ; Yes                        ; Yes                        ; 2.32 V                      ; 2.57e-09 V                  ; 2.37 V             ; -0.00683 V         ; 0.171 V                             ; 0.018 V                             ; 4.97e-10 s                 ; 6.66e-10 s                 ; Yes                       ; Yes                       ;
+---------------+--------------+---------------------+---------------------+------------------------------+------------------------------+---------------------+---------------------+--------------------------------------+--------------------------------------+-----------------------------+-----------------------------+----------------------------+----------------------------+-----------------------------+-----------------------------+--------------------+--------------------+-------------------------------------+-------------------------------------+----------------------------+----------------------------+---------------------------+---------------------------+


+--------------------------------------------------------------------------------------------------------------------------------------------------------------------------------------------------------------------------------------------------------------------------------------------------------------------------------------------------------------------------------------------------------------------------------------------------------------------------------------------------------------------------------------------------------------------------------------------------------------------------------------------------------------------------------------------+
; Signal Integrity Metrics (Slow 1200mv 85c Model)                                                                                                                                                                                                                                                                                                                                                                                                                                                                                                                                                                                                                                           ;
+---------------+--------------+---------------------+---------------------+------------------------------+------------------------------+---------------------+---------------------+--------------------------------------+--------------------------------------+-----------------------------+-----------------------------+----------------------------+----------------------------+-----------------------------+-----------------------------+--------------------+--------------------+-------------------------------------+-------------------------------------+----------------------------+----------------------------+---------------------------+---------------------------+
; Pin           ; I/O Standard ; Board Delay on Rise ; Board Delay on Fall ; Steady State Voh at FPGA Pin ; Steady State Vol at FPGA Pin ; Voh Max at FPGA Pin ; Vol Min at FPGA Pin ; Ringback Voltage on Rise at FPGA Pin ; Ringback Voltage on Fall at FPGA Pin ; 10-90 Rise Time at FPGA Pin ; 90-10 Fall Time at FPGA Pin ; Monotonic Rise at FPGA Pin ; Monotonic Fall at FPGA Pin ; Steady State Voh at Far-end ; Steady State Vol at Far-end ; Voh Max at Far-end ; Vol Min at Far-end ; Ringback Voltage on Rise at Far-end ; Ringback Voltage on Fall at Far-end ; 10-90 Rise Time at Far-end ; 90-10 Fall Time at Far-end ; Monotonic Rise at Far-end ; Monotonic Fall at Far-end ;
+---------------+--------------+---------------------+---------------------+------------------------------+------------------------------+---------------------+---------------------+--------------------------------------+--------------------------------------+-----------------------------+-----------------------------+----------------------------+----------------------------+-----------------------------+-----------------------------+--------------------+--------------------+-------------------------------------+-------------------------------------+----------------------------+----------------------------+---------------------------+---------------------------+
; clk_5MHz      ; 2.5 V        ; 0 s                 ; 0 s                 ; 2.32 V                       ; 2.85e-07 V                   ; 2.35 V              ; -0.0123 V           ; 0.144 V                              ; 0.042 V                              ; 4.81e-10 s                  ; 4.81e-10 s                  ; Yes                        ; Yes                        ; 2.32 V                      ; 2.85e-07 V                  ; 2.35 V             ; -0.0123 V          ; 0.144 V                             ; 0.042 V                             ; 4.81e-10 s                 ; 4.81e-10 s                 ; Yes                       ; Yes                       ;
; clk_10MHz     ; 2.5 V        ; 0 s                 ; 0 s                 ; 2.32 V                       ; 2.85e-07 V                   ; 2.35 V              ; -0.0123 V           ; 0.144 V                              ; 0.042 V                              ; 4.81e-10 s                  ; 4.81e-10 s                  ; Yes                        ; Yes                        ; 2.32 V                      ; 2.85e-07 V                  ; 2.35 V             ; -0.0123 V          ; 0.144 V                             ; 0.042 V                             ; 4.81e-10 s                 ; 4.81e-10 s                 ; Yes                       ; Yes                       ;
; clk_1MHz      ; 2.5 V        ; 0 s                 ; 0 s                 ; 2.32 V                       ; 2.85e-07 V                   ; 2.35 V              ; -0.0123 V           ; 0.144 V                              ; 0.042 V                              ; 4.81e-10 s                  ; 4.81e-10 s                  ; Yes                        ; Yes                        ; 2.32 V                      ; 2.85e-07 V                  ; 2.35 V             ; -0.0123 V          ; 0.144 V                             ; 0.042 V                             ; 4.81e-10 s                 ; 4.81e-10 s                 ; Yes                       ; Yes                       ;
; clk_180deg    ; 2.5 V        ; 0 s                 ; 0 s                 ; 2.32 V                       ; 2.85e-07 V                   ; 2.33 V              ; -0.00229 V          ; 0.111 V                              ; 0.057 V                              ; 3.78e-09 s                  ; 3.5e-09 s                   ; Yes                        ; Yes                        ; 2.32 V                      ; 2.85e-07 V                  ; 2.33 V             ; -0.00229 V         ; 0.111 V                             ; 0.057 V                             ; 3.78e-09 s                 ; 3.5e-09 s                  ; Yes                       ; Yes                       ;
; clk_20dc      ; 2.5 V        ; 0 s                 ; 0 s                 ; 2.32 V                       ; 1.93e-07 V                   ; 2.35 V              ; -0.00834 V          ; 0.127 V                              ; 0.035 V                              ; 4.7e-10 s                   ; 4.64e-10 s                  ; Yes                        ; Yes                        ; 2.32 V                      ; 1.93e-07 V                  ; 2.35 V             ; -0.00834 V         ; 0.127 V                             ; 0.035 V                             ; 4.7e-10 s                  ; 4.64e-10 s                 ; Yes                       ; Yes                       ;
; locked_sig1   ; 2.5 V        ; 0 s                 ; 0 s                 ; 2.32 V                       ; 2.85e-07 V                   ; 2.35 V              ; -0.0123 V           ; 0.144 V                              ; 0.042 V                              ; 4.81e-10 s                  ; 4.81e-10 s                  ; Yes                        ; Yes                        ; 2.32 V                      ; 2.85e-07 V                  ; 2.35 V             ; -0.0123 V          ; 0.144 V                             ; 0.042 V                             ; 4.81e-10 s                 ; 4.81e-10 s                 ; Yes                       ; Yes                       ;
; locked_sig2   ; 2.5 V        ; 0 s                 ; 0 s                 ; 2.32 V                       ; 2.85e-07 V                   ; 2.35 V              ; -0.0123 V           ; 0.144 V                              ; 0.042 V                              ; 4.81e-10 s                  ; 4.81e-10 s                  ; Yes                        ; Yes                        ; 2.32 V                      ; 2.85e-07 V                  ; 2.35 V             ; -0.0123 V          ; 0.144 V                             ; 0.042 V                             ; 4.81e-10 s                 ; 4.81e-10 s                 ; Yes                       ; Yes                       ;
; ~ALTERA_DCLK~ ; 2.5 V        ; 0 s                 ; 0 s                 ; 2.32 V                       ; 1.55e-07 V                   ; 2.35 V              ; -0.00221 V          ; 0.097 V                              ; 0.005 V                              ; 4.49e-10 s                  ; 3.85e-10 s                  ; Yes                        ; Yes                        ; 2.32 V                      ; 1.55e-07 V                  ; 2.35 V             ; -0.00221 V         ; 0.097 V                             ; 0.005 V                             ; 4.49e-10 s                 ; 3.85e-10 s                 ; Yes                       ; Yes                       ;
; ~ALTERA_nCEO~ ; 2.5 V        ; 0 s                 ; 0 s                 ; 2.32 V                       ; 2.54e-07 V                   ; 2.34 V              ; -0.00774 V          ; 0.109 V                              ; 0.026 V                              ; 6.58e-10 s                  ; 8.24e-10 s                  ; Yes                        ; Yes                        ; 2.32 V                      ; 2.54e-07 V                  ; 2.34 V             ; -0.00774 V         ; 0.109 V                             ; 0.026 V                             ; 6.58e-10 s                 ; 8.24e-10 s                 ; Yes                       ; Yes                       ;
+---------------+--------------+---------------------+---------------------+------------------------------+------------------------------+---------------------+---------------------+--------------------------------------+--------------------------------------+-----------------------------+-----------------------------+----------------------------+----------------------------+-----------------------------+-----------------------------+--------------------+--------------------+-------------------------------------+-------------------------------------+----------------------------+----------------------------+---------------------------+---------------------------+


+--------------------------------------------------------------------------------------------------------------------------------------------------------------------------------------------------------------------------------------------------------------------------------------------------------------------------------------------------------------------------------------------------------------------------------------------------------------------------------------------------------------------------------------------------------------------------------------------------------------------------------------------------------------------------------------------+
; Signal Integrity Metrics (Fast 1200mv 0c Model)                                                                                                                                                                                                                                                                                                                                                                                                                                                                                                                                                                                                                                            ;
+---------------+--------------+---------------------+---------------------+------------------------------+------------------------------+---------------------+---------------------+--------------------------------------+--------------------------------------+-----------------------------+-----------------------------+----------------------------+----------------------------+-----------------------------+-----------------------------+--------------------+--------------------+-------------------------------------+-------------------------------------+----------------------------+----------------------------+---------------------------+---------------------------+
; Pin           ; I/O Standard ; Board Delay on Rise ; Board Delay on Fall ; Steady State Voh at FPGA Pin ; Steady State Vol at FPGA Pin ; Voh Max at FPGA Pin ; Vol Min at FPGA Pin ; Ringback Voltage on Rise at FPGA Pin ; Ringback Voltage on Fall at FPGA Pin ; 10-90 Rise Time at FPGA Pin ; 90-10 Fall Time at FPGA Pin ; Monotonic Rise at FPGA Pin ; Monotonic Fall at FPGA Pin ; Steady State Voh at Far-end ; Steady State Vol at Far-end ; Voh Max at Far-end ; Vol Min at Far-end ; Ringback Voltage on Rise at Far-end ; Ringback Voltage on Fall at Far-end ; 10-90 Rise Time at Far-end ; 90-10 Fall Time at Far-end ; Monotonic Rise at Far-end ; Monotonic Fall at Far-end ;
+---------------+--------------+---------------------+---------------------+------------------------------+------------------------------+---------------------+---------------------+--------------------------------------+--------------------------------------+-----------------------------+-----------------------------+----------------------------+----------------------------+-----------------------------+-----------------------------+--------------------+--------------------+-------------------------------------+-------------------------------------+----------------------------+----------------------------+---------------------------+---------------------------+
; clk_5MHz      ; 2.5 V        ; 0 s                 ; 0 s                 ; 2.62 V                       ; 4.05e-08 V                   ; 2.72 V              ; -0.0349 V           ; 0.173 V                              ; 0.1 V                                ; 2.72e-10 s                  ; 2.69e-10 s                  ; Yes                        ; Yes                        ; 2.62 V                      ; 4.05e-08 V                  ; 2.72 V             ; -0.0349 V          ; 0.173 V                             ; 0.1 V                               ; 2.72e-10 s                 ; 2.69e-10 s                 ; Yes                       ; Yes                       ;
; clk_10MHz     ; 2.5 V        ; 0 s                 ; 0 s                 ; 2.62 V                       ; 4.05e-08 V                   ; 2.72 V              ; -0.0349 V           ; 0.173 V                              ; 0.1 V                                ; 2.72e-10 s                  ; 2.69e-10 s                  ; Yes                        ; Yes                        ; 2.62 V                      ; 4.05e-08 V                  ; 2.72 V             ; -0.0349 V          ; 0.173 V                             ; 0.1 V                               ; 2.72e-10 s                 ; 2.69e-10 s                 ; Yes                       ; Yes                       ;
; clk_1MHz      ; 2.5 V        ; 0 s                 ; 0 s                 ; 2.62 V                       ; 4.05e-08 V                   ; 2.72 V              ; -0.0349 V           ; 0.173 V                              ; 0.1 V                                ; 2.72e-10 s                  ; 2.69e-10 s                  ; Yes                        ; Yes                        ; 2.62 V                      ; 4.05e-08 V                  ; 2.72 V             ; -0.0349 V          ; 0.173 V                             ; 0.1 V                               ; 2.72e-10 s                 ; 2.69e-10 s                 ; Yes                       ; Yes                       ;
; clk_180deg    ; 2.5 V        ; 0 s                 ; 0 s                 ; 2.62 V                       ; 4.05e-08 V                   ; 2.64 V              ; -0.0113 V           ; 0.208 V                              ; 0.179 V                              ; 2.38e-09 s                  ; 2.23e-09 s                  ; No                         ; Yes                        ; 2.62 V                      ; 4.05e-08 V                  ; 2.64 V             ; -0.0113 V          ; 0.208 V                             ; 0.179 V                             ; 2.38e-09 s                 ; 2.23e-09 s                 ; No                        ; Yes                       ;
; clk_20dc      ; 2.5 V        ; 0 s                 ; 0 s                 ; 2.62 V                       ; 2.74e-08 V                   ; 2.73 V              ; -0.0384 V           ; 0.169 V                              ; 0.089 V                              ; 2.7e-10 s                   ; 2.62e-10 s                  ; Yes                        ; Yes                        ; 2.62 V                      ; 2.74e-08 V                  ; 2.73 V             ; -0.0384 V          ; 0.169 V                             ; 0.089 V                             ; 2.7e-10 s                  ; 2.62e-10 s                 ; Yes                       ; Yes                       ;
; locked_sig1   ; 2.5 V        ; 0 s                 ; 0 s                 ; 2.62 V                       ; 4.05e-08 V                   ; 2.72 V              ; -0.0349 V           ; 0.173 V                              ; 0.1 V                                ; 2.72e-10 s                  ; 2.69e-10 s                  ; Yes                        ; Yes                        ; 2.62 V                      ; 4.05e-08 V                  ; 2.72 V             ; -0.0349 V          ; 0.173 V                             ; 0.1 V                               ; 2.72e-10 s                 ; 2.69e-10 s                 ; Yes                       ; Yes                       ;
; locked_sig2   ; 2.5 V        ; 0 s                 ; 0 s                 ; 2.62 V                       ; 4.05e-08 V                   ; 2.72 V              ; -0.0349 V           ; 0.173 V                              ; 0.1 V                                ; 2.72e-10 s                  ; 2.69e-10 s                  ; Yes                        ; Yes                        ; 2.62 V                      ; 4.05e-08 V                  ; 2.72 V             ; -0.0349 V          ; 0.173 V                             ; 0.1 V                               ; 2.72e-10 s                 ; 2.69e-10 s                 ; Yes                       ; Yes                       ;
; ~ALTERA_DCLK~ ; 2.5 V        ; 0 s                 ; 0 s                 ; 2.62 V                       ; 2.22e-08 V                   ; 2.74 V              ; -0.06 V             ; 0.158 V                              ; 0.08 V                               ; 2.68e-10 s                  ; 2.19e-10 s                  ; Yes                        ; Yes                        ; 2.62 V                      ; 2.22e-08 V                  ; 2.74 V             ; -0.06 V            ; 0.158 V                             ; 0.08 V                              ; 2.68e-10 s                 ; 2.19e-10 s                 ; Yes                       ; Yes                       ;
; ~ALTERA_nCEO~ ; 2.5 V        ; 0 s                 ; 0 s                 ; 2.62 V                       ; 3.54e-08 V                   ; 2.7 V               ; -0.00943 V          ; 0.276 V                              ; 0.035 V                              ; 3.19e-10 s                  ; 4.99e-10 s                  ; No                         ; Yes                        ; 2.62 V                      ; 3.54e-08 V                  ; 2.7 V              ; -0.00943 V         ; 0.276 V                             ; 0.035 V                             ; 3.19e-10 s                 ; 4.99e-10 s                 ; No                        ; Yes                       ;
+---------------+--------------+---------------------+---------------------+------------------------------+------------------------------+---------------------+---------------------+--------------------------------------+--------------------------------------+-----------------------------+-----------------------------+----------------------------+----------------------------+-----------------------------+-----------------------------+--------------------+--------------------+-------------------------------------+-------------------------------------+----------------------------+----------------------------+---------------------------+---------------------------+


-------------------
; Clock Transfers ;
-------------------
Nothing to report.


---------------
; Report TCCS ;
---------------
No dedicated SERDES Transmitter circuitry present in device or used in design


---------------
; Report RSKM ;
---------------
No non-DPA dedicated SERDES Receiver circuitry present in device or used in design


+------------------------------------------------+
; Unconstrained Paths                            ;
+---------------------------------+-------+------+
; Property                        ; Setup ; Hold ;
+---------------------------------+-------+------+
; Illegal Clocks                  ; 0     ; 0    ;
; Unconstrained Clocks            ; 0     ; 0    ;
; Unconstrained Input Ports       ; 0     ; 0    ;
; Unconstrained Input Port Paths  ; 0     ; 0    ;
; Unconstrained Output Ports      ; 5     ; 5    ;
; Unconstrained Output Port Paths ; 5     ; 5    ;
+---------------------------------+-------+------+


+------------------------------------+
; TimeQuest Timing Analyzer Messages ;
+------------------------------------+
Info: *******************************************************************
Info: Running Quartus II 64-Bit TimeQuest Timing Analyzer
    Info: Version 13.1.0 Build 162 10/23/2013 SJ Full Version
    Info: Processing started: Fri Nov 03 20:17:27 2023
Info: Command: quartus_sta PLL -c PLL
Info: qsta_default_script.tcl version: #1
Info (11104): Parallel Compilation has detected 8 hyper-threaded processors. However, the extra hyper-threaded processors will not be used by default. Parallel Compilation will use 4 of the 4 physical processors detected instead.
Info (21077): Core supply voltage is 1.2V
Info (21077): Low junction temperature is 0 degrees C
Info (21077): High junction temperature is 85 degrees C
Critical Warning (332012): Synopsys Design Constraints File file not found: 'PLL.sdc'. A Synopsys Design Constraints File is required by the TimeQuest Timing Analyzer to get proper timing constraints. Without it, the Compiler will not properly optimize the design.
Info (332142): No user constrained generated clocks found in the design. Calling "derive_pll_clocks -create_base_clocks"
Info (332110): Deriving PLL clocks
    Info (332110): create_clock -period 20.000 -waveform {0.000 10.000} -name sys_clk sys_clk
    Info (332110): create_generated_clock -source {PLL1_inst|altpll_component|auto_generated|pll1|inclk[0]} -divide_by 10 -duty_cycle 50.00 -name {PLL1_inst|altpll_component|auto_generated|pll1|clk[0]} {PLL1_inst|altpll_component|auto_generated|pll1|clk[0]}
    Info (332110): create_generated_clock -source {PLL2_inst|altpll_component|auto_generated|pll1|inclk[0]} -multiply_by 2 -duty_cycle 50.00 -name {PLL2_inst|altpll_component|auto_generated|pll1|clk[0]} {PLL2_inst|altpll_component|auto_generated|pll1|clk[0]}
    Info (332110): create_generated_clock -source {PLL2_inst|altpll_component|auto_generated|pll1|inclk[0]} -divide_by 5 -duty_cycle 50.00 -name {PLL2_inst|altpll_component|auto_generated|pll1|clk[1]} {PLL2_inst|altpll_component|auto_generated|pll1|clk[1]}
    Info (332110): create_generated_clock -source {PLL2_inst|altpll_component|auto_generated|pll1|inclk[0]} -phase 180.00 -duty_cycle 50.00 -name {PLL2_inst|altpll_component|auto_generated|pll1|clk[2]} {PLL2_inst|altpll_component|auto_generated|pll1|clk[2]}
    Info (332110): create_generated_clock -source {PLL2_inst|altpll_component|auto_generated|pll1|inclk[0]} -duty_cycle 20.00 -name {PLL2_inst|altpll_component|auto_generated|pll1|clk[3]} {PLL2_inst|altpll_component|auto_generated|pll1|clk[3]}
Info (332142): No user constrained base clocks found in the design. Calling "derive_clocks -period 1.0"
Info (332096): The command derive_clocks did not find any clocks to derive.  No clocks were created or changed.
Info (332143): No user constrained clock uncertainty found in the design. Calling "derive_clock_uncertainty"
Info (332154): The derive_clock_uncertainty command did not apply clock uncertainty to any clock-to-clock transfers.
Info: Found TIMEQUEST_REPORT_SCRIPT_INCLUDE_DEFAULT_ANALYSIS = ON
Info: Analyzing Slow 1200mV 85C Model
Info (332140): No fmax paths to report
Info (332140): No Setup paths to report
Info (332140): No Hold paths to report
Info (332140): No Recovery paths to report
Info (332140): No Removal paths to report
Info (332146): Worst-case minimum pulse width slack is 9.934
    Info (332119):     Slack       End Point TNS Clock 
    Info (332119): ========= =================== =====================
    Info (332119):     9.934               0.000 sys_clk 
    Info (332119):    99.960               0.000 PLL1_inst|altpll_component|auto_generated|pll1|clk[0] 
Info: Analyzing Slow 1200mV 0C Model
Info (334003): Started post-fitting delay annotation
Info (334004): Delay annotation completed successfully
Info (332154): The derive_clock_uncertainty command did not apply clock uncertainty to any clock-to-clock transfers.
Info (332140): No fmax paths to report
Info (332140): No Setup paths to report
Info (332140): No Hold paths to report
Info (332140): No Recovery paths to report
Info (332140): No Removal paths to report
Info (332146): Worst-case minimum pulse width slack is 9.943
    Info (332119):     Slack       End Point TNS Clock 
    Info (332119): ========= =================== =====================
    Info (332119):     9.943               0.000 sys_clk 
    Info (332119):    99.962               0.000 PLL1_inst|altpll_component|auto_generated|pll1|clk[0] 
Info: Analyzing Fast 1200mV 0C Model
Info (332154): The derive_clock_uncertainty command did not apply clock uncertainty to any clock-to-clock transfers.
Info (332140): No Setup paths to report
Info (332140): No Hold paths to report
Info (332140): No Recovery paths to report
Info (332140): No Removal paths to report
Info (332146): Worst-case minimum pulse width slack is 9.594
    Info (332119):     Slack       End Point TNS Clock 
    Info (332119): ========= =================== =====================
    Info (332119):     9.594               0.000 sys_clk 
    Info (332119):    99.973               0.000 PLL1_inst|altpll_component|auto_generated|pll1|clk[0] 
Info (332102): Design is not fully constrained for setup requirements
Info (332102): Design is not fully constrained for hold requirements
Info: Quartus II 64-Bit TimeQuest Timing Analyzer was successful. 0 errors, 1 warning
    Info: Peak virtual memory: 4669 megabytes
    Info: Processing ended: Fri Nov 03 20:17:29 2023
    Info: Elapsed time: 00:00:02
    Info: Total CPU time (on all processors): 00:00:02


